This is pdfTeX, Version 3.141592653-2.6-1.40.26 (TeX Live 2025/dev/Debian) (preloaded format=pdflatex)
 restricted \write18 enabled.
entering extended mode
(./main.tex
LaTeX2e <2024-11-01> patch level 2
L3 programming layer <2025-01-18>
(./IEEEtran.cls
Document Class: IEEEtran 2015/08/26 V1.8b by Michael Shell
-- See the "IEEEtran_HOWTO" manual for usage information.
-- http://www.michaelshell.org/tex/ieeetran/
(/usr/share/texlive/texmf-dist/tex/latex/psnfss/ot1ptm.fd)
-- Using 8.5in x 11in (letter) paper.
-- Using PDF output.
-- This is a 10 point document.
) (/usr/share/texlive/texmf-dist/tex/latex/amsmath/amsmath.sty
For additional information on amsmath, use the `?' option.
(/usr/share/texlive/texmf-dist/tex/latex/amsmath/amstext.sty
(/usr/share/texlive/texmf-dist/tex/latex/amsmath/amsgen.sty))
(/usr/share/texlive/texmf-dist/tex/latex/amsmath/amsbsy.sty)
(/usr/share/texlive/texmf-dist/tex/latex/amsmath/amsopn.sty))
(/usr/share/texlive/texmf-dist/tex/latex/amsfonts/amssymb.sty
(/usr/share/texlive/texmf-dist/tex/latex/amsfonts/amsfonts.sty))
(/usr/share/texlive/texmf-dist/tex/latex/booktabs/booktabs.sty)
(/usr/share/texlive/texmf-dist/tex/latex/tools/array.sty)
(/usr/share/texlive/texmf-dist/tex/latex/pgf/frontendlayer/tikz.sty
(/usr/share/texlive/texmf-dist/tex/latex/pgf/basiclayer/pgf.sty
(/usr/share/texlive/texmf-dist/tex/latex/pgf/utilities/pgfrcs.sty
(/usr/share/texlive/texmf-dist/tex/generic/pgf/utilities/pgfutil-common.tex)
(/usr/share/texlive/texmf-dist/tex/generic/pgf/utilities/pgfutil-latex.def)
(/usr/share/texlive/texmf-dist/tex/generic/pgf/utilities/pgfrcs.code.tex
(/usr/share/texlive/texmf-dist/tex/generic/pgf/pgf.revision.tex)))
(/usr/share/texlive/texmf-dist/tex/latex/pgf/basiclayer/pgfcore.sty
(/usr/share/texlive/texmf-dist/tex/latex/graphics/graphicx.sty
(/usr/share/texlive/texmf-dist/tex/latex/graphics/keyval.sty)
(/usr/share/texlive/texmf-dist/tex/latex/graphics/graphics.sty
(/usr/share/texlive/texmf-dist/tex/latex/graphics/trig.sty)
(/usr/share/texlive/texmf-dist/tex/latex/graphics-cfg/graphics.cfg)
(/usr/share/texlive/texmf-dist/tex/latex/graphics-def/pdftex.def)))
(/usr/share/texlive/texmf-dist/tex/latex/pgf/systemlayer/pgfsys.sty
(/usr/share/texlive/texmf-dist/tex/generic/pgf/systemlayer/pgfsys.code.tex
(/usr/share/texlive/texmf-dist/tex/generic/pgf/utilities/pgfkeys.code.tex
(/usr/share/texlive/texmf-dist/tex/generic/pgf/utilities/pgfkeyslibraryfiltered
.code.tex)) (/usr/share/texlive/texmf-dist/tex/generic/pgf/systemlayer/pgf.cfg)
(/usr/share/texlive/texmf-dist/tex/generic/pgf/systemlayer/pgfsys-pdftex.def
(/usr/share/texlive/texmf-dist/tex/generic/pgf/systemlayer/pgfsys-common-pdf.de
f)))
(/usr/share/texlive/texmf-dist/tex/generic/pgf/systemlayer/pgfsyssoftpath.code.
tex)
(/usr/share/texlive/texmf-dist/tex/generic/pgf/systemlayer/pgfsysprotocol.code.
tex)) (/usr/share/texlive/texmf-dist/tex/latex/xcolor/xcolor.sty
(/usr/share/texlive/texmf-dist/tex/latex/graphics-cfg/color.cfg)
(/usr/share/texlive/texmf-dist/tex/latex/graphics/mathcolor.ltx))
(/usr/share/texlive/texmf-dist/tex/generic/pgf/basiclayer/pgfcore.code.tex
(/usr/share/texlive/texmf-dist/tex/generic/pgf/math/pgfmath.code.tex
(/usr/share/texlive/texmf-dist/tex/generic/pgf/math/pgfmathutil.code.tex)
(/usr/share/texlive/texmf-dist/tex/generic/pgf/math/pgfmathparser.code.tex)
(/usr/share/texlive/texmf-dist/tex/generic/pgf/math/pgfmathfunctions.code.tex)
(/usr/share/texlive/texmf-dist/tex/generic/pgf/math/pgfmathfunctions.basic.code
.tex)
(/usr/share/texlive/texmf-dist/tex/generic/pgf/math/pgfmathfunctions.trigonomet
ric.code.tex)
(/usr/share/texlive/texmf-dist/tex/generic/pgf/math/pgfmathfunctions.random.cod
e.tex)
(/usr/share/texlive/texmf-dist/tex/generic/pgf/math/pgfmathfunctions.comparison
.code.tex)
(/usr/share/texlive/texmf-dist/tex/generic/pgf/math/pgfmathfunctions.base.code.
tex)
(/usr/share/texlive/texmf-dist/tex/generic/pgf/math/pgfmathfunctions.round.code
.tex)
(/usr/share/texlive/texmf-dist/tex/generic/pgf/math/pgfmathfunctions.misc.code.
tex)
(/usr/share/texlive/texmf-dist/tex/generic/pgf/math/pgfmathfunctions.integerari
thmetics.code.tex)
(/usr/share/texlive/texmf-dist/tex/generic/pgf/math/pgfmathcalc.code.tex)
(/usr/share/texlive/texmf-dist/tex/generic/pgf/math/pgfmathfloat.code.tex))
(/usr/share/texlive/texmf-dist/tex/generic/pgf/math/pgfint.code.tex)
(/usr/share/texlive/texmf-dist/tex/generic/pgf/basiclayer/pgfcorepoints.code.te
x)
(/usr/share/texlive/texmf-dist/tex/generic/pgf/basiclayer/pgfcorepathconstruct.
code.tex)
(/usr/share/texlive/texmf-dist/tex/generic/pgf/basiclayer/pgfcorepathusage.code
.tex)
(/usr/share/texlive/texmf-dist/tex/generic/pgf/basiclayer/pgfcorescopes.code.te
x)
(/usr/share/texlive/texmf-dist/tex/generic/pgf/basiclayer/pgfcoregraphicstate.c
ode.tex)
(/usr/share/texlive/texmf-dist/tex/generic/pgf/basiclayer/pgfcoretransformation
s.code.tex)
(/usr/share/texlive/texmf-dist/tex/generic/pgf/basiclayer/pgfcorequick.code.tex
)
(/usr/share/texlive/texmf-dist/tex/generic/pgf/basiclayer/pgfcoreobjects.code.t
ex)
(/usr/share/texlive/texmf-dist/tex/generic/pgf/basiclayer/pgfcorepathprocessing
.code.tex)
(/usr/share/texlive/texmf-dist/tex/generic/pgf/basiclayer/pgfcorearrows.code.te
x)
(/usr/share/texlive/texmf-dist/tex/generic/pgf/basiclayer/pgfcoreshade.code.tex
)
(/usr/share/texlive/texmf-dist/tex/generic/pgf/basiclayer/pgfcoreimage.code.tex
)
(/usr/share/texlive/texmf-dist/tex/generic/pgf/basiclayer/pgfcoreexternal.code.
tex)
(/usr/share/texlive/texmf-dist/tex/generic/pgf/basiclayer/pgfcorelayers.code.te
x)
(/usr/share/texlive/texmf-dist/tex/generic/pgf/basiclayer/pgfcoretransparency.c
ode.tex)
(/usr/share/texlive/texmf-dist/tex/generic/pgf/basiclayer/pgfcorepatterns.code.
tex)
(/usr/share/texlive/texmf-dist/tex/generic/pgf/basiclayer/pgfcorerdf.code.tex))
)
(/usr/share/texlive/texmf-dist/tex/generic/pgf/modules/pgfmoduleshapes.code.tex
) (/usr/share/texlive/texmf-dist/tex/generic/pgf/modules/pgfmoduleplot.code.tex
)
(/usr/share/texlive/texmf-dist/tex/latex/pgf/compatibility/pgfcomp-version-0-65
.sty)
(/usr/share/texlive/texmf-dist/tex/latex/pgf/compatibility/pgfcomp-version-1-18
.sty)) (/usr/share/texlive/texmf-dist/tex/latex/pgf/utilities/pgffor.sty
(/usr/share/texlive/texmf-dist/tex/latex/pgf/utilities/pgfkeys.sty
(/usr/share/texlive/texmf-dist/tex/generic/pgf/utilities/pgfkeys.code.tex))
(/usr/share/texlive/texmf-dist/tex/latex/pgf/math/pgfmath.sty
(/usr/share/texlive/texmf-dist/tex/generic/pgf/math/pgfmath.code.tex))
(/usr/share/texlive/texmf-dist/tex/generic/pgf/utilities/pgffor.code.tex))
(/usr/share/texlive/texmf-dist/tex/generic/pgf/frontendlayer/tikz/tikz.code.tex

(/usr/share/texlive/texmf-dist/tex/generic/pgf/libraries/pgflibraryplothandlers
.code.tex)
(/usr/share/texlive/texmf-dist/tex/generic/pgf/modules/pgfmodulematrix.code.tex
)
(/usr/share/texlive/texmf-dist/tex/generic/pgf/frontendlayer/tikz/libraries/tik
zlibrarytopaths.code.tex)))
(/usr/share/texlive/texmf-dist/tex/generic/pgf/libraries/pgflibraryarrows.meta.
code.tex)
(/usr/share/texlive/texmf-dist/tex/generic/pgf/frontendlayer/tikz/libraries/tik
zlibrarypositioning.code.tex)
(/usr/share/texlive/texmf-dist/tex/latex/hyperref/hyperref.sty
(/usr/share/texlive/texmf-dist/tex/generic/iftex/iftex.sty)
(/usr/share/texlive/texmf-dist/tex/latex/kvsetkeys/kvsetkeys.sty)
(/usr/share/texlive/texmf-dist/tex/generic/kvdefinekeys/kvdefinekeys.sty)
(/usr/share/texlive/texmf-dist/tex/generic/pdfescape/pdfescape.sty
(/usr/share/texlive/texmf-dist/tex/generic/ltxcmds/ltxcmds.sty)
(/usr/share/texlive/texmf-dist/tex/generic/pdftexcmds/pdftexcmds.sty
(/usr/share/texlive/texmf-dist/tex/generic/infwarerr/infwarerr.sty)))
(/usr/share/texlive/texmf-dist/tex/latex/hycolor/hycolor.sty)
(/usr/share/texlive/texmf-dist/tex/latex/hyperref/nameref.sty
(/usr/share/texlive/texmf-dist/tex/latex/refcount/refcount.sty)
(/usr/share/texlive/texmf-dist/tex/generic/gettitlestring/gettitlestring.sty
(/usr/share/texlive/texmf-dist/tex/latex/kvoptions/kvoptions.sty)))
(/usr/share/texlive/texmf-dist/tex/latex/etoolbox/etoolbox.sty)
(/usr/share/texlive/texmf-dist/tex/generic/stringenc/stringenc.sty)
(/usr/share/texlive/texmf-dist/tex/latex/hyperref/pd1enc.def)
(/usr/share/texlive/texmf-dist/tex/generic/intcalc/intcalc.sty)
(/usr/share/texlive/texmf-dist/tex/latex/hyperref/puenc.def)
(/usr/share/texlive/texmf-dist/tex/latex/url/url.sty)
(/usr/share/texlive/texmf-dist/tex/generic/bitset/bitset.sty
(/usr/share/texlive/texmf-dist/tex/generic/bigintcalc/bigintcalc.sty))
(/usr/share/texlive/texmf-dist/tex/latex/base/atbegshi-ltx.sty))
(/usr/share/texlive/texmf-dist/tex/latex/hyperref/hpdftex.def
(/usr/share/texlive/texmf-dist/tex/latex/base/atveryend-ltx.sty)
(/usr/share/texlive/texmf-dist/tex/latex/rerunfilecheck/rerunfilecheck.sty
(/usr/share/texlive/texmf-dist/tex/generic/uniquecounter/uniquecounter.sty)))
(./data/metrics.tex)
(/usr/share/texlive/texmf-dist/tex/latex/l3backend/l3backend-pdftex.def)
No file main.aux.
-- Lines per column: 58 (exact).
(/usr/share/texlive/texmf-dist/tex/context/base/mkii/supp-pdf.mkii
[Loading MPS to PDF converter (version 2006.09.02).]
) (/usr/share/texlive/texmf-dist/tex/latex/epstopdf-pkg/epstopdf-base.sty
(/usr/share/texlive/texmf-dist/tex/latex/latexconfig/epstopdf-sys.cfg))

LaTeX Warning: Citation `serialization' on page 1 undefined on input line 33.


LaTeX Warning: Citation `invcop' on page 1 undefined on input line 35.


LaTeX Warning: Citation `certifying' on page 1 undefined on input line 35.


LaTeX Warning: Citation `masked' on page 1 undefined on input line 35.


LaTeX Warning: Citation `musti' on page 1 undefined on input line 35.


(/usr/share/texlive/texmf-dist/tex/latex/psnfss/ot1pcr.fd)

LaTeX Warning: Citation `seccode' on page 1 undefined on input line 39.


Underfull \hbox (badness 2460) in paragraph at lines 39--40
[]\OT1/ptm/m/n/10 Our re-ceiver changes what crosses the bound-ary. A
(/usr/share/texlive/texmf-dist/tex/latex/amsfonts/umsa.fd)
(/usr/share/texlive/texmf-dist/tex/latex/amsfonts/umsb.fd)
Underfull \vbox (badness 10000) has occurred while \output is active
[1{/var/lib/texmf/fonts/map/pdftex/updmap/pdftex.map}{/usr/share/texlive/texmf-
dist/fonts/enc/dvips/base/8r.enc}]

LaTeX Warning: Reference `eq:safe' on page 2 undefined on input line 57.

(./figures/alias.tex)

LaTeX Warning: Reference `eq:pred' on page 2 undefined on input line 78.


LaTeX Warning: Reference `tab:binding' on page 2 undefined on input line 83.


[2]

LaTeX Warning: Reference `eq:safe' on page 3 undefined on input line 106.


LaTeX Warning: Citation `serialization' on page 3 undefined on input line 108.



LaTeX Warning: Citation `enforceable' on page 3 undefined on input line 126.


LaTeX Warning: Reference `eq:pred' on page 3 undefined on input line 135.


[3]

LaTeX Warning: Reference `eq:frontier' on page 4 undefined on input line 152.


LaTeX Warning: Reference `eq:safe' on page 4 undefined on input line 152.


LaTeX Warning: Reference `lem:reads' on page 4 undefined on input line 155.


LaTeX Warning: Citation `invcop' on page 4 undefined on input line 158.

(./figures/checking.tex)

LaTeX Warning: Citation `verified' on page 4 undefined on input line 177.


LaTeX Warning: Citation `filtering' on page 4 undefined on input line 181.


Underfull \hbox (badness 4316) in paragraph at lines 181--182
[]\OT1/ptm/m/n/10 The re-ceiver in-vokes \OT1/pcr/m/n/10 readObject \OT1/ptm/m/
n/10 on a re-stricted

LaTeX Warning: Citation `protocol' on page 4 undefined on input line 183.


[4]

LaTeX Warning: Citation `filtering' on page 5 undefined on input line 187.



LaTeX Warning: Reference `eq:safe' on page 5 undefined on input line 208.


LaTeX Warning: Reference `eq:pred' on page 5 undefined on input line 211.


LaTeX Warning: Reference `thm:frontier' on page 5 undefined on input line 214.


LaTeX Warning: Reference `lem:private' on page 5 undefined on input line 214.


LaTeX Warning: Reference `lem:representation' on page 5 undefined on input line
 214.


LaTeX Warning: Reference `eq:pred' on page 5 undefined on input line 220.


LaTeX Warning: Reference `thm:publication' on page 5 undefined on input line 22
9.


LaTeX Warning: Reference `lem:bound' on page 5 undefined on input line 229.


Underfull \hbox (badness 1406) in paragraph at lines 232--233
[]\OT1/ptm/m/n/10 The quan-ti-fier over cer-tifi-cates is es-sen-tial. An ea-ge
r

[5]

LaTeX Warning: Reference `eq:bound' on page 6 undefined on input line 243.



LaTeX Warning: Reference `tab:campaign' on page 6 undefined on input line 262.

(./data/receiver-cases.tex)
[6]

LaTeX Warning: Reference `lem:private' on page 7 undefined on input line 275.

(./data/receiver-performance.tex)

LaTeX Warning: Reference `thm:equivalence' on page 7 undefined on input line 29
8.


LaTeX Warning: Reference `tab:related' on page 7 undefined on input line 306.


LaTeX Warning: Citation `invcop' on page 7 undefined on input line 316.


LaTeX Warning: Citation `masked' on page 7 undefined on input line 317.


LaTeX Warning: Citation `secureinit' on page 7 undefined on input line 317.


Underfull \hbox (badness 10000) in paragraph at lines 317--317
[]|\OT1/ptm/m/n/8 Masked/secure

LaTeX Warning: Citation `musti' on page 7 undefined on input line 318.


LaTeX Warning: Citation `certifying' on page 7 undefined on input line 319.


LaTeX Warning: Citation `verified' on page 7 undefined on input line 319.


Underfull \hbox (badness 4981) in paragraph at lines 319--319
[]|\OT1/ptm/m/n/8 Certifying al-go-rithms [[]],

LaTeX Warning: Citation `seneca' on page 7 undefined on input line 320.


LaTeX Warning: Citation `seccode' on page 7 undefined on input line 321.


LaTeX Warning: Citation `filtering' on page 7 undefined on input line 321.


Underfull \hbox (badness 10000) in paragraph at lines 321--321
[]|\OT1/ptm/m/n/8 Java se-ri-al-iza-tion

LaTeX Warning: Citation `invcop' on page 7 undefined on input line 326.


LaTeX Warning: Citation `masked' on page 7 undefined on input line 328.


LaTeX Warning: Citation `secureinit' on page 7 undefined on input line 328.


LaTeX Warning: Citation `musti' on page 7 undefined on input line 330.


LaTeX Warning: Citation `certifying' on page 7 undefined on input line 332.


LaTeX Warning: Citation `verified' on page 7 undefined on input line 332.


[7]

LaTeX Warning: Citation `seneca' on page 8 undefined on input line 334.


LaTeX Warning: Citation `sayar' on page 8 undefined on input line 336.


LaTeX Warning: Citation `oddfuzz' on page 8 undefined on input line 336.


LaTeX Warning: Citation `gcminer' on page 8 undefined on input line 336.


LaTeX Warning: Citation `android' on page 8 undefined on input line 338.


LaTeX Warning: Citation `sleeping' on page 8 undefined on input line 338.


Underfull \vbox (badness 1642) has occurred while \output is active

[8] (./references.tex

Underfull \hbox (badness 2443) in paragraph at lines 28--29
[]\OT1/ptm/m/n/8 Oracle, ``Ob-ject-In-put-Fil-ter,'' \OT1/ptm/m/it/8 Java SE 21
 API Spec-i-fi-ca-tion\OT1/ptm/m/n/8 . [On-

Underfull \hbox (badness 3386) in paragraph at lines 43--44
\OT1/ptm/m/it/8 IEEE Symp. Se-cu-rity and Pri-vacy\OT1/ptm/m/n/8 , 2023, pp. 27
26--2743, doi:

Underfull \hbox (badness 4543) in paragraph at lines 46--47
[]\OT1/ptm/m/n/8 S. Cao, X. Sun, X. Wu, L. Bo, B. Li, R. Wu, W. Liu,

Underfull \hbox (badness 8019) in paragraph at lines 52--53
[]\OT1/ptm/m/n/8 B. Kreyssig, S. Houy, T. Riom, and A. Bar-tel, ``Sleep-ing

Underfull \hbox (badness 10000) in paragraph at lines 52--53
\OT1/ptm/m/n/8 giants---Activating dor-mant Java de-se-ri-al-iza-tion gad-get c
hains

Underfull \hbox (badness 7649) in paragraph at lines 52--53
\OT1/ptm/m/n/8 through stealthy code changes,'' arXiv:2504.20485, 2025, doi:
)
[9] (./main.aux)

LaTeX Warning: There were undefined references.


LaTeX Warning: Label(s) may have changed. Rerun to get cross-references right.


Package rerunfilecheck Warning: File `main.out' has changed.
(rerunfilecheck)                Rerun to get outlines right
(rerunfilecheck)                or use package `bookmark'.

 )
(see the transcript file for additional information)</usr/share/texlive/texmf-d
ist/fonts/type1/public/amsfonts/cm/cmex10.pfb></usr/share/texlive/texmf-dist/fo
nts/type1/public/amsfonts/cm/cmmi10.pfb></usr/share/texlive/texmf-dist/fonts/ty
pe1/public/amsfonts/cm/cmmi5.pfb></usr/share/texlive/texmf-dist/fonts/type1/pub
lic/amsfonts/cm/cmmi6.pfb></usr/share/texlive/texmf-dist/fonts/type1/public/ams
fonts/cm/cmmi7.pfb></usr/share/texlive/texmf-dist/fonts/type1/public/amsfonts/c
m/cmmi8.pfb></usr/share/texlive/texmf-dist/fonts/type1/public/amsfonts/cm/cmmi9
.pfb></usr/share/texlive/texmf-dist/fonts/type1/public/amsfonts/cm/cmr10.pfb></
usr/share/texlive/texmf-dist/fonts/type1/public/amsfonts/cm/cmr6.pfb></usr/shar
e/texlive/texmf-dist/fonts/type1/public/amsfonts/cm/cmr7.pfb></usr/share/texliv
e/texmf-dist/fonts/type1/public/amsfonts/cm/cmr8.pfb></usr/share/texlive/texmf-
dist/fonts/type1/public/amsfonts/cm/cmr9.pfb></usr/share/texlive/texmf-dist/fon
ts/type1/public/amsfonts/cm/cmss10.pfb></usr/share/texlive/texmf-dist/fonts/typ
e1/public/amsfonts/cm/cmss9.pfb></usr/share/texlive/texmf-dist/fonts/type1/publ
ic/amsfonts/cm/cmsy10.pfb></usr/share/texlive/texmf-dist/fonts/type1/public/ams
fonts/cm/cmsy7.pfb></usr/share/texlive/texmf-dist/fonts/type1/public/amsfonts/c
m/cmsy9.pfb></usr/share/texlive/texmf-dist/fonts/type1/urw/courier/ucrr8a.pfb><
/usr/share/texlive/texmf-dist/fonts/type1/urw/times/utmb8a.pfb></usr/share/texl
ive/texmf-dist/fonts/type1/urw/times/utmbi8a.pfb></usr/share/texlive/texmf-dist
/fonts/type1/urw/times/utmr8a.pfb></usr/share/texlive/texmf-dist/fonts/type1/ur
w/times/utmri8a.pfb>
Output written on main.pdf (9 pages, 290486 bytes).
Transcript written on main.log.
