{
  "summary": {
    "input_cases": 4552,
    "actual_java_cases": 4563,
    "counts": {
      "exact": 4248,
      "heldout": 96,
      "renamed": 96,
      "capacity": 3,
      "certificate-control": 97,
      "data-control": 12,
      "wire-control": 10,
      "fault-control": 1
    },
    "outcomes": {
      "ALLOW": 3397,
      "DENY_UNSAFE": 1046,
      "INVALID_CERT": 97,
      "INVALID_DATA": 12,
      "INVALID_FRAME": 10,
      "INJECTED_FAILURE": 1
    },
    "oracle_disagreements": 0,
    "eager_disagreements": 0,
    "shape_unsafe_accepts": 1046,
    "corrupt_certificates_accepted": 0,
    "callbacks_executed": 0,
    "failure_publications": 0,
    "alias_or_freeze_errors": 0,
    "mapped_heap_errors": 0,
    "metamorphic_errors": 0,
    "max_serialized_bytes_including_negative_controls": 131073,
    "max_accepted_bytes": 88539,
    "max_shadow_steps": 512,
    "observation_pair": {
      "same_wire": true,
      "same_public_projection": true,
      "unready_read_outcomes": [
        false,
        true
      ]
    },
    "errors": [],
    "pass": true
  },
  "resources": {
    "aggregate_cpu_seconds": 7.102188999999999,
    "self_peak_rss_kib": 131828,
    "child_peak_rss_kib": 119676,
    "benchmark_skipped": true
  }
}
